2025-02-12 08:10:25 [INFO] Server started successfully  
2025-02-12 08:12:45 [WARNING] High memory usage detected  
2025-02-12 08:14:30 [ERROR] Database connection failed: Timeout error  
2025-02-12 08:16:05 [INFO] User login successful: user123  
2025-02-12 08:18:55 [ERROR] Disk space running low: 3% remaining  
2025-02-12 08:20:47 [WARNING] Network latency detected: 180ms delay  
2025-02-12 08:22:20 [INFO] Scheduled backup started  
2025-02-12 08:24:35 [ERROR] Security breach detected: Unauthorized access attempt  
2025-02-12 08:27:12 [WARNING] CPU temperature high: 91°C  
2025-02-12 08:29:50 [INFO] Backup completed successfully  
2025-02-12 08:32:40 [ERROR] Security breach detected: Unauthorized access attempt  
2025-02-12 08:35:18 [ERROR] Failed to write log file: Permission denied  
2025-02-12 08:37:30 [WARNING] Memory usage exceeded 95%  
2025-02-12 08:40:14 [ERROR] Application crash: Out of memory  
2025-02-12 08:44:01 [INFO] New user registered: user789  
2025-02-12 08:47:33 [ERROR] Failed to connect to API: SSL Certificate Error  
2025-02-12 08:50:44 [WARNING] Network instability detected  
2025-02-12 08:53:21 [INFO] User logged out: user123  
2025-02-12 08:55:57 [ERROR] System overload: High CPU usage  
2025-02-12 08:59:40 [ERROR] File corruption detected: settings.xml  
2025-02-12 09:02:15 [WARNING] Database response time slow: 7s delay  
2025-02-12 09:05:30 [ERROR] Security breach detected: Unauthorized access attempt  
2025-02-12 09:09:10 [INFO] Maintenance started  
2025-02-12 09:13:22 [ERROR] Network outage detected: No connectivity  
2025-02-12 09:16:50 [ERROR] System overload: High CPU usage  
2025-02-12 09:20:18 [WARNING] Possible DDoS attack detected  
2025-02-12 09:25:40 [ERROR] Server crash: Kernel panic  
2025-02-12 09:30:02 [INFO] Server restarted successfully  
